[gpuL_sum_radii_n100] r1 t=78.8s B=2048 gpu_best=5.2552 polished_round_top=[5.256015, 5.256015, 5.252405] best=5.256015
[gpuL_sum_radii_n100] r2 t=142.3s B=2048 gpu_best=5.2549 polished_round_top=[5.256015, 5.252831, 5.252831] best=5.256015
[gpuL_sum_radii_n100] r3 t=205.8s B=2048 gpu_best=5.2515 polished_round_top=[5.252405, 5.252405, 5.252405] best=5.256015
[gpuL_sum_radii_n100] r4 t=269.0s B=2048 gpu_best=5.2567 polished_round_top=[5.257712, 5.256015, 5.252831] best=5.257712
[gpuL_sum_radii_n100] r5 t=332.5s B=2048 gpu_best=5.2519 polished_round_top=[5.252831, 5.252831, 5.252831] best=5.257712
[gpuL_sum_radii_n100] r6 t=395.7s B=2048 gpu_best=5.2551 polished_round_top=[5.256015, 5.254045, 5.252831] best=5.257712
[gpuL_sum_radii_n100] r7 t=459.2s B=2048 gpu_best=5.2518 polished_round_top=[5.252831, 5.252405, 5.252405] best=5.257712
{
 "name": "gpuL_sum_radii_n100",
 "problem": "sum_radii",
 "n": 100,
 "method": "gpu-large",
 "seed": 401,
 "elapsed_s": 459.21477365493774,
 "best_score": 5.257712463139123,
 "status": "below",
 "record": 5.263744441843,
 "rounds": 7,
 "polished_scores_top20": [
  5.257712463139123,
  5.256014790247501,
  5.256014790247409,
  5.2560147902473515,
  5.25601479024729,
  5.256014790247243,
  5.254045324283364,
  5.25283107765227,
  5.2528310776522025,
  5.252831077652191,
  5.252831077652143,
  5.252831077652094,
  5.252831077652088,
  5.252831077652048,
  5.2528310776519875,
  5.252831077651818,
  5.252404699795312,
  5.252404699795283,
  5.25240469979528,
  5.252404699795267
 ]
}
[gpuL_sum_radii_n120] r1 t=68.0s B=1488 gpu_best=5.7728 polished_round_top=[5.773804, 5.772647, 5.771786] best=5.773804
[gpuL_sum_radii_n120] r2 t=134.7s B=1488 gpu_best=5.7729 polished_round_top=[5.774191, 5.773804, 5.772647] best=5.774191
[gpuL_sum_radii_n120] r3 t=201.4s B=1488 gpu_best=5.7715 polished_round_top=[5.772647, 5.771695, 5.771695] best=5.774191
[gpuL_sum_radii_n120] r4 t=267.5s B=1488 gpu_best=5.7732 polished_round_top=[5.774311, 5.770032, 5.770032] best=5.774311
[gpuL_sum_radii_n120] r5 t=333.8s B=1488 gpu_best=5.7706 polished_round_top=[5.771696, 5.771695, 5.770268] best=5.774311
[gpuL_sum_radii_n120] r6 t=415.1s B=1488 gpu_best=5.7730 polished_round_top=[5.774191, 5.771695, 5.771695] best=5.774311
[gpuL_sum_radii_n120] r7 t=481.8s B=1488 gpu_best=5.7727 polished_round_top=[5.773804, 5.772749, 5.771695] best=5.774311
{
 "name": "gpuL_sum_radii_n120",
 "problem": "sum_radii",
 "n": 120,
 "method": "gpu-large",
 "seed": 402,
 "elapsed_s": 481.8815948963165,
 "best_score": 5.7743111577714545,
 "status": "below",
 "record": 5.7769997462,
 "rounds": 7,
 "polished_scores_top20": [
  5.7743111577714545,
  5.774190922897526,
  5.7741909228975175,
  5.7738043849852705,
  5.773804384985214,
  5.773804384985189,
  5.772748751229871,
  5.772646800992609,
  5.772646800992609,
  5.7726468009926055,
  5.771786198187204,
  5.771786198186992,
  5.771696355249878,
  5.771696355249857,
  5.771695059008419,
  5.771695059008419,
  5.771695059008417,
  5.771695059008416,
  5.771695059008416,
  5.771695059008415
 ]
}
[gpuL_sum_radii_n150] r1 t=65.5s B=952 gpu_best=6.4588 polished_round_top=[6.460285, 6.458729, 6.457986] best=6.460285
[gpuL_sum_radii_n150] r2 t=129.7s B=952 gpu_best=6.4576 polished_round_top=[6.459083, 6.458191, 6.455598] best=6.460285
[gpuL_sum_radii_n150] r3 t=193.7s B=952 gpu_best=6.4602 polished_round_top=[6.461849, 6.460344, 6.457378] best=6.461849
[gpuL_sum_radii_n150] r4 t=257.9s B=952 gpu_best=6.4618 polished_round_top=[6.463194, 6.4617, 6.46019] best=6.463194
[gpuL_sum_radii_n150] r5 t=322.4s B=952 gpu_best=6.4643 polished_round_top=[6.465603, 6.462276, 6.456646] best=6.465603
[gpuL_sum_radii_n150] r6 t=387.0s B=952 gpu_best=6.4619 polished_round_top=[6.463392, 6.460948, 6.458962] best=6.465603
[gpuL_sum_radii_n150] r7 t=472.4s B=952 gpu_best=6.4591 polished_round_top=[6.460512, 6.46039, 6.457903] best=6.465603
{
 "name": "gpuL_sum_radii_n150",
 "problem": "sum_radii",
 "n": 150,
 "method": "gpu-large",
 "seed": 403,
 "elapsed_s": 472.42563939094543,
 "best_score": 6.465603266164765,
 "status": "below",
 "record": 6.476248191885,
 "rounds": 7,
 "polished_scores_top20": [
  6.465603266164765,
  6.463392112934205,
  6.463193802281961,
  6.462276153850209,
  6.461849302126701,
  6.461699733660806,
  6.460947903193819,
  6.4605122541188384,
  6.460390482856366,
  6.460344419964157,
  6.460285027625805,
  6.460189913362175,
  6.4596421549163505,
  6.4590825960319656,
  6.458961871592188,
  6.45872883488704,
  6.458190558784118,
  6.457986298885806,
  6.457953627401377,
  6.457946203495938
 ]
}
[gpuL_sum_radii_n200] r1 t=102.5s B=512 gpu_best=7.4658 polished_round_top=[7.467458, 7.466887, 7.465384] best=7.467458
[gpuL_sum_radii_n200] r2 t=203.6s B=512 gpu_best=7.4725 polished_round_top=[7.474236, 7.467065, 7.465621] best=7.474236
[gpuL_sum_radii_n200] r3 t=322.2s B=512 gpu_best=7.4698 polished_round_top=[7.471768, 7.464965, 7.461444] best=7.474236
[gpuL_sum_radii_n200] r4 t=442.3s B=512 gpu_best=7.4603 polished_round_top=[7.462602, 7.462327, 7.461728] best=7.474236
[gpuL_sum_radii_n200] r5 t=566.0s B=512 gpu_best=7.4642 polished_round_top=[7.465912, 7.464714, 7.4622] best=7.474236
{
 "name": "gpuL_sum_radii_n200",
 "problem": "sum_radii",
 "n": 200,
 "method": "gpu-large",
 "seed": 404,
 "elapsed_s": 566.0372748374939,
 "best_score": 7.474236380149912,
 "status": "below",
 "record": 7.486828249103,
 "rounds": 5,
 "polished_scores_top20": [
  7.474236380149912,
  7.471767891147664,
  7.467458262683056,
  7.4670646258564055,
  7.466887199489765,
  7.465911951165989,
  7.465620558003566,
  7.465384055809915,
  7.465203736536674,
  7.465202198545443,
  7.46496531809584,
  7.464713657485458,
  7.464208119343194,
  7.462601696548797,
  7.462327174206802,
  7.462199703220913,
  7.461727865428552,
  7.461720074171666,
  7.461524079791673,
  7.461503766714051
 ]
}
[gpuL_sum_radii_n116] r1 t=127.4s B=1536 gpu_best=5.6661 polished_round_top=[5.667116, 5.666525, 5.666276] best=5.667116
[gpuL_sum_radii_n116] r2 t=253.2s B=1536 gpu_best=5.6669 polished_round_top=[5.668861, 5.667216, 5.666152] best=5.668861
[gpuL_sum_radii_n116] r3 t=379.6s B=1536 gpu_best=5.6684 polished_round_top=[5.669461, 5.666998, 5.665645] best=5.669461
[gpuL_sum_radii_n116] r4 t=504.4s B=1536 gpu_best=5.6670 polished_round_top=[5.667999, 5.666501, 5.666351] best=5.669461
{
 "name": "gpuL_sum_radii_n116",
 "problem": "sum_radii",
 "n": 116,
 "method": "gpu-large",
 "seed": 405,
 "elapsed_s": 504.393700838089,
 "best_score": 5.669461077802535,
 "status": "below",
 "record": 5.676573137511,
 "rounds": 4,
 "polished_scores_top20": [
  5.669461077802535,
  5.668861040502728,
  5.667999442508937,
  5.667216133754989,
  5.667115982771938,
  5.6669983347914465,
  5.666524585198179,
  5.666500504346325,
  5.666350679010145,
  5.666276080687125,
  5.666168923978846,
  5.666151506225156,
  5.666032102937818,
  5.665802497537238,
  5.665645338790944,
  5.665117834369554,
  5.665079920260285,
  5.664941194973395,
  5.664887233732583,
  5.664641862269086
 ]
}
[gpuL_sum_radii_n138] r1 t=119.0s B=1024 gpu_best=6.1888 polished_round_top=[6.19022, 6.186122, 6.185223] best=6.190220
[gpuL_sum_radii_n138] r2 t=238.1s B=1024 gpu_best=6.1843 polished_round_top=[6.185735, 6.184316, 6.183702] best=6.190220
[gpuL_sum_radii_n138] r3 t=331.1s B=1024 gpu_best=6.1815 polished_round_top=[6.18258, 6.182498, 6.18219] best=6.190220
[gpuL_sum_radii_n138] r4 t=391.0s B=1024 gpu_best=6.1879 polished_round_top=[6.189215, 6.185516, 6.184201] best=6.190220
[gpuL_sum_radii_n138] r5 t=450.8s B=1024 gpu_best=6.1872 polished_round_top=[6.188606, 6.186809, 6.186359] best=6.190220
{
 "name": "gpuL_sum_radii_n138",
 "problem": "sum_radii",
 "n": 138,
 "method": "gpu-large",
 "seed": 406,
 "elapsed_s": 450.86276054382324,
 "best_score": 6.190220225058502,
 "status": "below",
 "record": 6.200577843371,
 "rounds": 5,
 "polished_scores_top20": [
  6.190220225058502,
  6.189215069265954,
  6.188605904912342,
  6.186809417106719,
  6.1863591300813905,
  6.186121550650045,
  6.185735107049028,
  6.185712124120537,
  6.1855159630609595,
  6.185223037668877,
  6.185210124534175,
  6.18492087043176,
  6.184768583794448,
  6.18431555538549,
  6.184201337029265,
  6.184083817633031,
  6.183852887420129,
  6.1837017485865635,
  6.183638399669802,
  6.183611553034428
 ]
}
[gpuL_sum_radii_n139] r1 t=63.3s B=1024 gpu_best=6.2155 polished_round_top=[6.216877, 6.210581, 6.209372] best=6.216877
[gpuL_sum_radii_n139] r2 t=123.7s B=1024 gpu_best=6.2133 polished_round_top=[6.214751, 6.213093, 6.212438] best=6.216877
[gpuL_sum_radii_n139] r3 t=184.3s B=1024 gpu_best=6.2206 polished_round_top=[6.221832, 6.214475, 6.211697] best=6.221832
[gpuL_sum_radii_n139] r4 t=243.9s B=1024 gpu_best=6.2108 polished_round_top=[6.212335, 6.21208, 6.211658] best=6.221832
[gpuL_sum_radii_n139] r5 t=304.5s B=1024 gpu_best=6.2110 polished_round_top=[6.212771, 6.21115, 6.211096] best=6.221832
[gpuL_sum_radii_n139] r6 t=365.6s B=1024 gpu_best=6.2085 polished_round_top=[6.209925, 6.209472, 6.209038] best=6.221832
[gpuL_sum_radii_n139] r7 t=425.3s B=1024 gpu_best=6.2193 polished_round_top=[6.220606, 6.214332, 6.213719] best=6.221832
{
 "name": "gpuL_sum_radii_n139",
 "problem": "sum_radii",
 "n": 139,
 "method": "gpu-large",
 "seed": 407,
 "elapsed_s": 425.32150292396545,
 "best_score": 6.2218322490766855,
 "status": "below",
 "record": 6.223117653709,
 "rounds": 7,
 "polished_scores_top20": [
  6.2218322490766855,
  6.22060576320356,
  6.216877186842793,
  6.214751298561779,
  6.2144749559791554,
  6.2143316953614125,
  6.213718662995836,
  6.213320692680892,
  6.213092539778866,
  6.212888147242442,
  6.212771217724878,
  6.212447970995573,
  6.212437525562918,
  6.212335245676398,
  6.212080488945837,
  6.211986552058397,
  6.211696791212688,
  6.211658213183702,
  6.211536259745001,
  6.211434033888272
 ]
}
[gpuL_sum_radii_n159] r1 t=59.9s B=768 gpu_best=6.6437 polished_round_top=[6.645136, 6.645003, 6.644472] best=6.645136
[gpuL_sum_radii_n159] r2 t=120.4s B=768 gpu_best=6.6478 polished_round_top=[6.649932, 6.641635, 6.639809] best=6.649932
[gpuL_sum_radii_n159] r3 t=181.0s B=768 gpu_best=6.6419 polished_round_top=[6.643314, 6.642653, 6.642554] best=6.649932
[gpuL_sum_radii_n159] r4 t=241.3s B=768 gpu_best=6.6404 polished_round_top=[6.641783, 6.641606, 6.640765] best=6.649932
[gpuL_sum_radii_n159] r5 t=300.0s B=768 gpu_best=6.6421 polished_round_top=[6.646432, 6.643551, 6.642898] best=6.649932
[gpuL_sum_radii_n159] r6 t=359.0s B=768 gpu_best=6.6413 polished_round_top=[6.64286, 6.641424, 6.64117] best=6.649932
[gpuL_sum_radii_n159] r7 t=419.1s B=768 gpu_best=6.6417 polished_round_top=[6.643273, 6.643025, 6.642494] best=6.649932
[gpuL_sum_radii_n159] r8 t=478.2s B=768 gpu_best=6.6376 polished_round_top=[6.639108, 6.638986, 6.638581] best=6.649932
{
 "name": "gpuL_sum_radii_n159",
 "problem": "sum_radii",
 "n": 159,
 "method": "gpu-large",
 "seed": 408,
 "elapsed_s": 478.21683645248413,
 "best_score": 6.649932306281007,
 "status": "below",
 "record": 6.66389176348,
 "rounds": 8,
 "polished_scores_top20": [
  6.649932306281007,
  6.64643204251206,
  6.645135723431553,
  6.645003009749299,
  6.644471992587693,
  6.64355117913596,
  6.6433137966579885,
  6.6432730482265026,
  6.643025424489039,
  6.64289845651466,
  6.6428600809488785,
  6.642652934945374,
  6.642554277710005,
  6.642494444169675,
  6.641897501858121,
  6.641822611267161,
  6.641782985651538,
  6.641635054445766,
  6.641606454383084,
  6.641449447415193
 ]
}
[gpuL_sum_radii_n188] r1 t=57.7s B=512 gpu_best=7.2322 polished_round_top=[7.234118, 7.232851, 7.23281] best=7.234118
[gpuL_sum_radii_n188] r2 t=114.9s B=512 gpu_best=7.2381 polished_round_top=[7.23963, 7.239188, 7.236973] best=7.239630
[gpuL_sum_radii_n188] r3 t=171.3s B=512 gpu_best=7.2374 polished_round_top=[7.239176, 7.235975, 7.235312] best=7.239630
[gpuL_sum_radii_n188] r4 t=246.3s B=512 gpu_best=7.2362 polished_round_top=[7.237921, 7.23383, 7.23379] best=7.239630
[gpuL_sum_radii_n188] r5 t=324.2s B=512 gpu_best=7.2366 polished_round_top=[7.238622, 7.236302, 7.235693] best=7.239630
[gpuL_sum_radii_n188] r6 t=416.0s B=512 gpu_best=7.2360 polished_round_top=[7.237668, 7.237471, 7.23704] best=7.239630
[gpuL_sum_radii_n188] r7 t=520.6s B=512 gpu_best=7.2391 polished_round_top=[7.241081, 7.235688, 7.235009] best=7.241081
{
 "name": "gpuL_sum_radii_n188",
 "problem": "sum_radii",
 "n": 188,
 "method": "gpu-large",
 "seed": 409,
 "elapsed_s": 520.6688756942749,
 "best_score": 7.241081457585025,
 "status": "below",
 "record": 7.254438153287,
 "rounds": 7,
 "polished_scores_top20": [
  7.241081457585025,
  7.239630088543336,
  7.239187998911797,
  7.239176286525835,
  7.238622485216682,
  7.23792095676417,
  7.237668465897048,
  7.2374708704649695,
  7.237040322713711,
  7.2369734704406845,
  7.236301956699837,
  7.235975263932378,
  7.235693244853279,
  7.23568818335412,
  7.235312124965578,
  7.2350090875617346,
  7.234987804607943,
  7.234956036822407,
  7.234851121796752,
  7.234726960887016
 ]
}
