[gpuL_sum_radii_n110] r1 t=70.2s B=1770 gpu_best=5.5238 polished_round_top=[5.52461, 5.52461, 5.52461] best=5.524610
[gpuL_sum_radii_n110] r2 t=137.4s B=1770 gpu_best=5.5238 polished_round_top=[5.52461, 5.52461, 5.52461] best=5.524610
[gpuL_sum_radii_n110] r3 t=204.4s B=1770 gpu_best=5.5238 polished_round_top=[5.52461, 5.52461, 5.52461] best=5.524610
[gpuL_sum_radii_n110] r4 t=271.8s B=1770 gpu_best=5.5237 polished_round_top=[5.52461, 5.52461, 5.52461] best=5.524610
[gpuL_sum_radii_n110] r5 t=338.8s B=1770 gpu_best=5.5238 polished_round_top=[5.52461, 5.52461, 5.52461] best=5.524610
[gpuL_sum_radii_n110] r6 t=405.8s B=1770 gpu_best=5.5238 polished_round_top=[5.52461, 5.52461, 5.52461] best=5.524610
[gpuL_sum_radii_n110] r7 t=472.6s B=1770 gpu_best=5.5238 polished_round_top=[5.52461, 5.52461, 5.52461] best=5.524610
{
 "name": "gpuL_sum_radii_n110",
 "problem": "sum_radii",
 "n": 110,
 "method": "gpu-large",
 "seed": 810,
 "elapsed_s": 472.5905673503876,
 "best_score": 5.524610085373263,
 "status": "below",
 "record": 5.531919536401,
 "rounds": 7,
 "polished_scores_top20": [
  5.524610085373263,
  5.524610085373237,
  5.52461008537322,
  5.5246100853731885,
  5.524610085373153,
  5.52461008537314,
  5.524610085373132,
  5.524610085373105,
  5.524610085373087,
  5.524610085373048,
  5.524610085373031,
  5.52461008537303,
  5.524610085373028,
  5.52461008537301,
  5.524610085373007,
  5.524610085372999,
  5.5246100853729985,
  5.524610085372998,
  5.524610085372998,
  5.524610085372996
 ]
}
[gpuL_sum_radii_n130] r1 t=64.9s B=1267 gpu_best=6.0187 polished_round_top=[6.020015, 6.019311, 6.016812] best=6.020015
[gpuL_sum_radii_n130] r2 t=129.0s B=1267 gpu_best=6.0170 polished_round_top=[6.018421, 6.017301, 6.016832] best=6.020015
[gpuL_sum_radii_n130] r3 t=193.0s B=1267 gpu_best=6.0198 polished_round_top=[6.02121, 6.018394, 6.018051] best=6.021210
[gpuL_sum_radii_n130] r4 t=257.0s B=1267 gpu_best=6.0168 polished_round_top=[6.018051, 6.014942, 6.014911] best=6.021210
[gpuL_sum_radii_n130] r5 t=321.1s B=1267 gpu_best=6.0187 polished_round_top=[6.020015, 6.017509, 6.01664] best=6.021210
[gpuL_sum_radii_n130] r6 t=385.2s B=1267 gpu_best=6.0189 polished_round_top=[6.020216, 6.018394, 6.018394] best=6.021210
[gpuL_sum_radii_n130] r7 t=449.2s B=1267 gpu_best=6.0183 polished_round_top=[6.019581, 6.015435, 6.015228] best=6.021210
{
 "name": "gpuL_sum_radii_n130",
 "problem": "sum_radii",
 "n": 130,
 "method": "gpu-large",
 "seed": 830,
 "elapsed_s": 449.1902611255646,
 "best_score": 6.021209775120697,
 "status": "below",
 "record": 6.022111531874,
 "rounds": 7,
 "polished_scores_top20": [
  6.021209775120697,
  6.020215666376863,
  6.020014806457429,
  6.020014806457229,
  6.019580660694466,
  6.019310842113008,
  6.018420788959055,
  6.018393611776759,
  6.018393611776312,
  6.01839361177627,
  6.0180508455343045,
  6.018050845534022,
  6.017508552314899,
  6.017301288346504,
  6.016831762761305,
  6.016811681594261,
  6.016639939083968,
  6.016625219263127,
  6.016376348809179,
  6.015916584208584
 ]
}
[gpuL_sum_radii_n140] r1 t=65.0s B=1093 gpu_best=6.2397 polished_round_top=[6.241049, 6.238064, 6.238061] best=6.241049
[gpuL_sum_radii_n140] r2 t=129.4s B=1093 gpu_best=6.2385 polished_round_top=[6.239779, 6.239407, 6.23848] best=6.241049
[gpuL_sum_radii_n140] r3 t=193.6s B=1093 gpu_best=6.2441 polished_round_top=[6.24538, 6.242978, 6.239969] best=6.245380
[gpuL_sum_radii_n140] r4 t=257.8s B=1093 gpu_best=6.2400 polished_round_top=[6.241281, 6.238921, 6.238725] best=6.245380
[gpuL_sum_radii_n140] r5 t=322.2s B=1093 gpu_best=6.2401 polished_round_top=[6.24148, 6.239296, 6.238417] best=6.245380
[gpuL_sum_radii_n140] r6 t=386.5s B=1093 gpu_best=6.2390 polished_round_top=[6.240161, 6.237144, 6.236913] best=6.245380
[gpuL_sum_radii_n140] r7 t=450.7s B=1093 gpu_best=6.2393 polished_round_top=[6.240546, 6.239758, 6.238198] best=6.245380
{
 "name": "gpuL_sum_radii_n140",
 "problem": "sum_radii",
 "n": 140,
 "method": "gpu-large",
 "seed": 840,
 "elapsed_s": 450.71120381355286,
 "best_score": 6.245380118431045,
 "status": "below",
 "record": 6.248008196614,
 "rounds": 7,
 "polished_scores_top20": [
  6.245380118431045,
  6.242978197798904,
  6.241479763454954,
  6.241280824751743,
  6.241048999179675,
  6.240545745801128,
  6.240161081357986,
  6.239968691933726,
  6.2397792564580925,
  6.239758233680664,
  6.23940685112816,
  6.239295913284593,
  6.238920869708887,
  6.238724594421587,
  6.238479742558917,
  6.2384168403592986,
  6.238197748268707,
  6.238063613047827,
  6.238060691259883,
  6.237606911607622
 ]
}
[gpuL_sum_radii_n160] r1 t=65.6s B=837 gpu_best=6.6712 polished_round_top=[6.672851, 6.665875, 6.665646] best=6.672851
[gpuL_sum_radii_n160] r2 t=130.4s B=837 gpu_best=6.6619 polished_round_top=[6.663337, 6.662419, 6.662262] best=6.672851
[gpuL_sum_radii_n160] r3 t=195.1s B=837 gpu_best=6.6656 polished_round_top=[6.666914, 6.665317, 6.665294] best=6.672851
[gpuL_sum_radii_n160] r4 t=259.8s B=837 gpu_best=6.6671 polished_round_top=[6.668923, 6.66606, 6.664507] best=6.672851
[gpuL_sum_radii_n160] r5 t=324.5s B=837 gpu_best=6.6686 polished_round_top=[6.670099, 6.668592, 6.667647] best=6.672851
[gpuL_sum_radii_n160] r6 t=389.2s B=837 gpu_best=6.6695 polished_round_top=[6.67127, 6.670389, 6.667588] best=6.672851
[gpuL_sum_radii_n160] r7 t=454.5s B=837 gpu_best=6.6656 polished_round_top=[6.667309, 6.666145, 6.665275] best=6.672851
{
 "name": "gpuL_sum_radii_n160",
 "problem": "sum_radii",
 "n": 160,
 "method": "gpu-large",
 "seed": 860,
 "elapsed_s": 454.5390131473541,
 "best_score": 6.67285051165795,
 "status": "below",
 "record": 6.686377484769,
 "rounds": 7,
 "polished_scores_top20": [
  6.67285051165795,
  6.671269554465166,
  6.670388573240393,
  6.6700988990349925,
  6.668923415591893,
  6.668592497035544,
  6.667647437460454,
  6.667588316777701,
  6.667309472064806,
  6.666913832614533,
  6.666145283207483,
  6.666060451793828,
  6.6658745018272745,
  6.665787525863427,
  6.665646345213627,
  6.6653336327592525,
  6.665317333102184,
  6.665293568762977,
  6.665274657904964,
  6.664695547400241
 ]
}
[gpuL_sum_radii_n170] r1 t=67.3s B=741 gpu_best=6.8709 polished_round_top=[6.875108, 6.872498, 6.869056] best=6.875108
[gpuL_sum_radii_n170] r2 t=133.5s B=741 gpu_best=6.8710 polished_round_top=[6.872668, 6.869073, 6.866044] best=6.875108
[gpuL_sum_radii_n170] r3 t=199.6s B=741 gpu_best=6.8775 polished_round_top=[6.879185, 6.8754, 6.872908] best=6.879185
[gpuL_sum_radii_n170] r4 t=265.8s B=741 gpu_best=6.8759 polished_round_top=[6.877463, 6.870431, 6.869556] best=6.879185
[gpuL_sum_radii_n170] r5 t=331.9s B=741 gpu_best=6.8737 polished_round_top=[6.875565, 6.871785, 6.870983] best=6.879185
[gpuL_sum_radii_n170] r6 t=398.4s B=741 gpu_best=6.8748 polished_round_top=[6.880631, 6.874898, 6.871754] best=6.880631
[gpuL_sum_radii_n170] r7 t=464.7s B=741 gpu_best=6.8708 polished_round_top=[6.872557, 6.872214, 6.868975] best=6.880631
{
 "name": "gpuL_sum_radii_n170",
 "problem": "sum_radii",
 "n": 170,
 "method": "gpu-large",
 "seed": 870,
 "elapsed_s": 464.7022213935852,
 "best_score": 6.880631154666295,
 "status": "below",
 "record": 6.901570817627,
 "rounds": 7,
 "polished_scores_top20": [
  6.880631154666295,
  6.8791852800845,
  6.877462667039183,
  6.875564953621192,
  6.875399841192097,
  6.875108463957394,
  6.8748981694210105,
  6.872907543353811,
  6.8726682876423375,
  6.872557309285666,
  6.872498055476992,
  6.872214194171,
  6.871784724817415,
  6.871754470474825,
  6.870983429878029,
  6.870430913135859,
  6.870208615344424,
  6.870154103736101,
  6.869556489669587,
  6.86907272046383
 ]
}
[gpuL_sum_radii_n180] r1 t=67.9s B=661 gpu_best=7.0944 polished_round_top=[7.096143, 7.090286, 7.090185] best=7.096143
[gpuL_sum_radii_n180] r2 t=135.1s B=661 gpu_best=7.0956 polished_round_top=[7.097146, 7.096484, 7.094708] best=7.097146
[gpuL_sum_radii_n180] r3 t=201.9s B=661 gpu_best=7.0911 polished_round_top=[7.09276, 7.08901, 7.089005] best=7.097146
[gpuL_sum_radii_n180] r4 t=268.7s B=661 gpu_best=7.0889 polished_round_top=[7.090514, 7.090008, 7.088285] best=7.097146
[gpuL_sum_radii_n180] r5 t=335.6s B=661 gpu_best=7.0957 polished_round_top=[7.097146, 7.096484, 7.091835] best=7.097146
[gpuL_sum_radii_n180] r6 t=401.9s B=661 gpu_best=7.0929 polished_round_top=[7.094421, 7.090998, 7.090814] best=7.097146
[gpuL_sum_radii_n180] r7 t=468.0s B=661 gpu_best=7.0901 polished_round_top=[7.091877, 7.091382, 7.089384] best=7.097146
{
 "name": "gpuL_sum_radii_n180",
 "problem": "sum_radii",
 "n": 180,
 "method": "gpu-large",
 "seed": 880,
 "elapsed_s": 468.02289295196533,
 "best_score": 7.097146276502463,
 "status": "below",
 "record": 7.099837030305,
 "rounds": 7,
 "polished_scores_top20": [
  7.097146276502463,
  7.0971462765023094,
  7.09648403746637,
  7.096484037466206,
  7.096142835208667,
  7.0947075892378475,
  7.094421294256298,
  7.092760005630192,
  7.0918774565185165,
  7.091834858568492,
  7.091382287609905,
  7.091261577754815,
  7.091048241351902,
  7.0909978051219795,
  7.090982294126278,
  7.09081384251699,
  7.090725137731801,
  7.090514421721913,
  7.0902859325403025,
  7.090209783154128
 ]
}
[gpuL_sum_radii_n250] r1 t=72.3s B=342 gpu_best=8.3696 polished_round_top=[8.371717, 8.367051, 8.365265] best=8.371717
[gpuL_sum_radii_n250] r2 t=142.9s B=342 gpu_best=8.3723 polished_round_top=[8.374722, 8.36633, 8.365591] best=8.374722
[gpuL_sum_radii_n250] r3 t=214.0s B=342 gpu_best=8.3689 polished_round_top=[8.371104, 8.367037, 8.365785] best=8.374722
[gpuL_sum_radii_n250] r4 t=284.5s B=342 gpu_best=8.3720 polished_round_top=[8.374464, 8.370064, 8.369388] best=8.374722
[gpuL_sum_radii_n250] r5 t=355.3s B=342 gpu_best=8.3715 polished_round_top=[8.37366, 8.37264, 8.372232] best=8.374722
[gpuL_sum_radii_n250] r6 t=426.5s B=342 gpu_best=8.3716 polished_round_top=[8.373979, 8.372429, 8.372311] best=8.374722
[gpuL_sum_radii_n250] r7 t=497.1s B=342 gpu_best=8.3712 polished_round_top=[8.37371, 8.371452, 8.369839] best=8.374722
[gpuL_sum_radii_n250] r8 t=568.5s B=342 gpu_best=8.3696 polished_round_top=[8.37219, 8.367932, 8.367346] best=8.374722
{
 "name": "gpuL_sum_radii_n250",
 "problem": "sum_radii",
 "n": 250,
 "method": "gpu-large",
 "seed": 950,
 "elapsed_s": 568.545690536499,
 "best_score": 8.374722388839997,
 "status": "below",
 "record": 8.389053560879,
 "rounds": 8,
 "polished_scores_top20": [
  8.374722388839997,
  8.374464257393468,
  8.373978569077838,
  8.37370989350537,
  8.37365968544565,
  8.372640059140153,
  8.372428743692549,
  8.372311230541772,
  8.372231966932752,
  8.372189678421803,
  8.371716709409158,
  8.371452052076586,
  8.371282666226456,
  8.371104083367356,
  8.37076901025312,
  8.370531481280107,
  8.370063628943381,
  8.369839437634365,
  8.369733536437991,
  8.369595227697971
 ]
}
