[pilot_sum_radii_n32_basin_hopping] r1 t=17s best=2.923344316 round_best=2.923344316
[pilot_sum_radii_n32_basin_hopping] r2 t=36s best=2.926104200 round_best=2.926104200
[pilot_sum_radii_n32_basin_hopping] r3 t=50s best=2.926104200 round_best=2.926104200
[pilot_sum_radii_n32_basin_hopping] r4 t=68s best=2.934493730 round_best=2.934493730
[pilot_sum_radii_n32_basin_hopping] r5 t=84s best=2.934493730 round_best=2.934493730
[pilot_sum_radii_n32_basin_hopping] r6 t=100s best=2.934493730 round_best=2.934493730
[pilot_sum_radii_n32_basin_hopping] r7 t=115s best=2.935347178 round_best=2.935347178
[pilot_sum_radii_n32_basin_hopping] r8 t=132s best=2.938723091 round_best=2.938723091
[pilot_sum_radii_n32_basin_hopping] r9 t=149s best=2.939572771 round_best=2.939572771
[pilot_sum_radii_n32_basin_hopping] r10 t=165s best=2.939572771 round_best=2.939572771
[pilot_sum_radii_n32_basin_hopping] r11 t=184s best=2.939572771 round_best=2.939572771
[pilot_sum_radii_n32_basin_hopping] r12 t=200s best=2.939572771 round_best=2.939572771
[pilot_sum_radii_n32_basin_hopping] r13 t=214s best=2.939572771 round_best=2.939572771
[pilot_sum_radii_n32_basin_hopping] r14 t=233s best=2.939572771 round_best=2.939572771
[pilot_sum_radii_n32_basin_hopping] r15 t=254s best=2.939572771 round_best=2.939572771
[pilot_sum_radii_n32_basin_hopping] r16 t=268s best=2.939572771 round_best=2.939572771
[pilot_sum_radii_n32_basin_hopping] r17 t=282s best=2.939572771 round_best=2.939572771
[pilot_sum_radii_n32_basin_hopping] r18 t=298s best=2.939572771 round_best=2.939572771
[pilot_sum_radii_n32_basin_hopping] r19 t=314s best=2.939572771 round_best=2.939572771
[pilot_sum_radii_n32_evo] r1 t=72s best=2.931963271 round_best=2.931963271
[pilot_sum_radii_n32_evo] r2 t=86s best=2.932369837 round_best=2.932369837
[pilot_sum_radii_n32_evo] r3 t=102s best=2.933600270 round_best=2.933600270
[pilot_sum_radii_n32_evo] r4 t=118s best=2.939572771 round_best=2.939572771
[pilot_sum_radii_n32_evo] r5 t=131s best=2.939572771 round_best=2.939572771
[pilot_sum_radii_n32_evo] r6 t=144s best=2.939572771 round_best=2.939572771
[pilot_sum_radii_n32_evo] r7 t=157s best=2.939572771 round_best=2.939572771
[pilot_sum_radii_n32_evo] r8 t=173s best=2.939572771 round_best=2.939572771
[pilot_sum_radii_n32_evo] r9 t=186s best=2.939572771 round_best=2.939572771
[pilot_sum_radii_n32_evo] r10 t=199s best=2.939572771 round_best=2.939572771
[pilot_sum_radii_n32_evo] r11 t=210s best=2.939572771 round_best=2.939572771
[pilot_sum_radii_n32_evo] r12 t=225s best=2.939572771 round_best=2.939572771
[pilot_sum_radii_n32_evo] r13 t=238s best=2.939572771 round_best=2.939572771
[pilot_sum_radii_n32_evo] r14 t=252s best=2.939572771 round_best=2.939572771
[pilot_sum_radii_n32_evo] r15 t=268s best=2.939572771 round_best=2.939572771
[pilot_sum_radii_n32_evo] r16 t=281s best=2.939572771 round_best=2.939572771
[pilot_sum_radii_n32_evo] r17 t=297s best=2.939572771 round_best=2.939572771
[pilot_sum_radii_n32_evo] r18 t=310s best=2.939572771 round_best=2.939572771
[pilot_sum_radii_n32_multistart] r1 t=26s best=2.919931390 round_best=2.919931390
[pilot_sum_radii_n32_multistart] r2 t=50s best=2.919931390 round_best=2.919931390
[pilot_sum_radii_n32_multistart] r3 t=72s best=2.927710418 round_best=2.927710418
[pilot_sum_radii_n32_multistart] r4 t=97s best=2.931771262 round_best=2.931771262
[pilot_sum_radii_n32_multistart] r5 t=120s best=2.931771262 round_best=2.931771262
[pilot_sum_radii_n32_multistart] r6 t=144s best=2.931771262 round_best=2.931771262
[pilot_sum_radii_n32_multistart] r7 t=171s best=2.931771262 round_best=2.931771262
[pilot_sum_radii_n32_multistart] r8 t=195s best=2.939572771 round_best=2.939572771
[pilot_sum_radii_n32_multistart] r9 t=222s best=2.939572771 round_best=2.939572771
[pilot_sum_radii_n32_multistart] r10 t=248s best=2.939572771 round_best=2.939572771
[pilot_sum_radii_n32_multistart] r11 t=272s best=2.939572771 round_best=2.939572771
[pilot_sum_radii_n32_multistart] r12 t=295s best=2.939572771 round_best=2.939572771
[pilot_sum_radii_n32_multistart] r13 t=318s best=2.939572771 round_best=2.939572771
[pilot_gpu_multistart_sum_radii_n32] r1 t=39.7s gpu_best=2.935275 med=2.9025 polished_best=2.939572771
[pilot_gpu_multistart_sum_radii_n32] r2 t=77.5s gpu_best=2.934727 med=2.9030 polished_best=2.939572771
[pilot_gpu_multistart_sum_radii_n32] r3 t=115.0s gpu_best=2.934998 med=2.9029 polished_best=2.939572771
[pilot_gpu_multistart_sum_radii_n32] r4 t=153.6s gpu_best=2.934108 med=2.9025 polished_best=2.939572771
[pilot_gpu_multistart_sum_radii_n32] r5 t=192.8s gpu_best=2.934108 med=2.9026 polished_best=2.939572771
[pilot_gpu_multistart_sum_radii_n32] r6 t=231.8s gpu_best=2.934618 med=2.9027 polished_best=2.939572771
[pilot_gpu_multistart_sum_radii_n32] r7 t=270.1s gpu_best=2.934604 med=2.9030 polished_best=2.939572771
[pilot_gpu_multistart_sum_radii_n32] r8 t=307.6s gpu_best=2.934671 med=2.9026 polished_best=2.939572771
{
 "name": "pilot_gpu_multistart_sum_radii_n32",
 "problem": "sum_radii",
 "n": 32,
 "method": "gpu-multistart",
 "seed": 21,
 "elapsed_s": 307.6200542449951,
 "best_score": 2.939572771206998,
 "status": "match",
 "record": 2.939572771205,
 "iters": 0,
 "polished_scores_top20": [
  2.939572771206998,
  2.939572771206401,
  2.939572771206398,
  2.9395727712063904,
  2.9395727712063895,
  2.939572771206385,
  2.9395727712063833,
  2.9395727712063753,
  2.939572771206365,
  2.9395727712063646,
  2.939572771206359,
  2.939572771206355,
  2.9395727712063526,
  2.939572771206351,
  2.9395727712063495,
  2.939572771206348,
  2.9395727712063477,
  2.939572771206344,
  2.939572771206342,
  2.939572771206339
 ]
}
[pilot_gpu_bh_sum_radii_n32] it30 t=104.1s gpu_best=2.931844 med=2.9007 polished_best=2.939572771
[pilot_gpu_bh_sum_radii_n32] it60 t=188.2s gpu_best=2.931844 med=2.9033 polished_best=2.939572771
[pilot_gpu_bh_sum_radii_n32] it90 t=272.1s gpu_best=2.931844 med=2.9050 polished_best=2.939572771
{
 "name": "pilot_gpu_bh_sum_radii_n32",
 "problem": "sum_radii",
 "n": 32,
 "method": "gpu-bh",
 "seed": 22,
 "elapsed_s": 302.09837222099304,
 "best_score": 2.939572771206358,
 "status": "match",
 "record": 2.939572771205,
 "iters": 101,
 "polished_scores_top20": [
  2.939572771206358,
  2.939572771206358,
  2.939572771206358,
  2.9395727712063375,
  2.9395727712063375,
  2.9395727712063375,
  2.9395727712063358,
  2.9395727712063358,
  2.9395727712063358,
  2.9395727712063313,
  2.9395727712063313,
  2.9395727712063313,
  2.9395727712063247,
  2.9395727712063247,
  2.9395727712063247,
  2.9395727712063247,
  2.9395727712063247,
  2.9395727712063247,
  2.939572771206323,
  2.939572771206323
 ]
}
