[pilot_sum_radii_n26_basin_hopping] r1 t=11s best=2.635983085 round_best=2.635983085
[pilot_sum_radii_n26_basin_hopping] r2 t=19s best=2.635983085 round_best=2.635983085
[pilot_sum_radii_n26_basin_hopping] r3 t=26s best=2.635983085 round_best=2.635983085
[pilot_sum_radii_n26_basin_hopping] r4 t=33s best=2.635983085 round_best=2.635983085
[pilot_sum_radii_n26_basin_hopping] r5 t=39s best=2.635983085 round_best=2.635983085
[pilot_sum_radii_n26_basin_hopping] r6 t=47s best=2.635983085 round_best=2.635983085
[pilot_sum_radii_n26_basin_hopping] r7 t=54s best=2.635983085 round_best=2.635983085
[pilot_sum_radii_n26_basin_hopping] r8 t=61s best=2.635983085 round_best=2.635983085
[pilot_sum_radii_n26_basin_hopping] r9 t=68s best=2.635983085 round_best=2.635983085
[pilot_sum_radii_n26_basin_hopping] r10 t=78s best=2.635983085 round_best=2.635983085
[pilot_sum_radii_n26_basin_hopping] r11 t=84s best=2.635983085 round_best=2.635983085
[pilot_sum_radii_n26_basin_hopping] r12 t=92s best=2.635983085 round_best=2.635983085
[pilot_sum_radii_n26_basin_hopping] r13 t=102s best=2.635983085 round_best=2.635983085
[pilot_sum_radii_n26_basin_hopping] r14 t=111s best=2.635983085 round_best=2.635983085
[pilot_sum_radii_n26_basin_hopping] r15 t=118s best=2.635983085 round_best=2.635983085
[pilot_sum_radii_n26_basin_hopping] r16 t=127s best=2.635983085 round_best=2.635983085
[pilot_sum_radii_n26_basin_hopping] r17 t=132s best=2.635983085 round_best=2.635983085
[pilot_sum_radii_n26_basin_hopping] r18 t=139s best=2.635983085 round_best=2.635983085
[pilot_sum_radii_n26_basin_hopping] r19 t=146s best=2.635983085 round_best=2.635983085
[pilot_sum_radii_n26_basin_hopping] r20 t=154s best=2.635983085 round_best=2.635983085
[pilot_sum_radii_n26_basin_hopping] r21 t=160s best=2.635983085 round_best=2.635983085
[pilot_sum_radii_n26_basin_hopping] r22 t=167s best=2.635983085 round_best=2.635983085
[pilot_sum_radii_n26_basin_hopping] r23 t=174s best=2.635983085 round_best=2.635983085
[pilot_sum_radii_n26_basin_hopping] r24 t=184s best=2.635983085 round_best=2.635983085
[pilot_sum_radii_n26_basin_hopping] r25 t=191s best=2.635983085 round_best=2.635983085
[pilot_sum_radii_n26_basin_hopping] r26 t=199s best=2.635983085 round_best=2.635983085
[pilot_sum_radii_n26_basin_hopping] r27 t=207s best=2.635983085 round_best=2.635983085
[pilot_sum_radii_n26_basin_hopping] r28 t=214s best=2.635983085 round_best=2.635983085
[pilot_sum_radii_n26_basin_hopping] r29 t=222s best=2.635983085 round_best=2.635983085
[pilot_sum_radii_n26_basin_hopping] r30 t=229s best=2.635983085 round_best=2.635983085
[pilot_sum_radii_n26_basin_hopping] r31 t=238s best=2.635983085 round_best=2.635983085
[pilot_sum_radii_n26_basin_hopping] r32 t=246s best=2.635983085 round_best=2.635983085
[pilot_sum_radii_n26_basin_hopping] r33 t=254s best=2.635983085 round_best=2.635983085
[pilot_sum_radii_n26_basin_hopping] r34 t=262s best=2.635983085 round_best=2.635983085
[pilot_sum_radii_n26_basin_hopping] r35 t=270s best=2.635983085 round_best=2.635983085
[pilot_sum_radii_n26_basin_hopping] r36 t=278s best=2.635983085 round_best=2.635983085
[pilot_sum_radii_n26_basin_hopping] r37 t=285s best=2.635983085 round_best=2.635983085
[pilot_sum_radii_n26_basin_hopping] r38 t=294s best=2.635983085 round_best=2.635983085
[pilot_sum_radii_n26_basin_hopping] r39 t=302s best=2.635983085 round_best=2.635983085
[pilot_sum_radii_n26_basin_hopping] r40 t=308s best=2.635983085 round_best=2.635983085
[pilot_sum_radii_n26_basin_hopping] r41 t=315s best=2.635983085 round_best=2.635983085
[pilot_sum_radii_n26_basin_hopping] r42 t=323s best=2.635983085 round_best=2.635983085
[pilot_sum_radii_n26_basin_hopping] r43 t=330s best=2.635983085 round_best=2.635983085
[pilot_sum_radii_n26_basin_hopping] r44 t=338s best=2.635983085 round_best=2.635983085
[pilot_sum_radii_n26_basin_hopping] r45 t=346s best=2.635983085 round_best=2.635983085
[pilot_sum_radii_n26_basin_hopping] r46 t=353s best=2.635983085 round_best=2.635983085
[pilot_sum_radii_n26_basin_hopping] r47 t=361s best=2.635983085 round_best=2.635983085
[pilot_sum_radii_n26_evo] r1 t=34s best=2.635977395 round_best=2.635977395
[pilot_sum_radii_n26_evo] r2 t=42s best=2.635983085 round_best=2.635983085
[pilot_sum_radii_n26_evo] r3 t=49s best=2.635983085 round_best=2.635983085
[pilot_sum_radii_n26_evo] r4 t=57s best=2.635983085 round_best=2.635983085
[pilot_sum_radii_n26_evo] r5 t=63s best=2.635983085 round_best=2.635983085
[pilot_sum_radii_n26_evo] r6 t=70s best=2.635983085 round_best=2.635983085
[pilot_sum_radii_n26_evo] r7 t=76s best=2.635983085 round_best=2.635983085
[pilot_sum_radii_n26_evo] r8 t=82s best=2.635983085 round_best=2.635983085
[pilot_sum_radii_n26_evo] r9 t=89s best=2.635983085 round_best=2.635983085
[pilot_sum_radii_n26_evo] r10 t=96s best=2.635983085 round_best=2.635983085
[pilot_sum_radii_n26_evo] r11 t=104s best=2.635983085 round_best=2.635983085
[pilot_sum_radii_n26_evo] r12 t=111s best=2.635983085 round_best=2.635983085
[pilot_sum_radii_n26_evo] r13 t=117s best=2.635983085 round_best=2.635983085
[pilot_sum_radii_n26_evo] r14 t=123s best=2.635983085 round_best=2.635983085
[pilot_sum_radii_n26_evo] r15 t=130s best=2.635983085 round_best=2.635983085
[pilot_sum_radii_n26_evo] r16 t=137s best=2.635983085 round_best=2.635983085
[pilot_sum_radii_n26_evo] r17 t=144s best=2.635983085 round_best=2.635983085
[pilot_sum_radii_n26_evo] r18 t=151s best=2.635983085 round_best=2.635983085
[pilot_sum_radii_n26_evo] r19 t=158s best=2.635983085 round_best=2.635983085
[pilot_sum_radii_n26_evo] r20 t=165s best=2.635983085 round_best=2.635983085
[pilot_sum_radii_n26_evo] r21 t=172s best=2.635983085 round_best=2.635983085
[pilot_sum_radii_n26_evo] r22 t=180s best=2.635983085 round_best=2.635983085
[pilot_sum_radii_n26_evo] r23 t=186s best=2.635983085 round_best=2.635983085
[pilot_sum_radii_n26_evo] r24 t=194s best=2.635983085 round_best=2.635983085
[pilot_sum_radii_n26_evo] r25 t=202s best=2.635983085 round_best=2.635983085
[pilot_sum_radii_n26_evo] r26 t=210s best=2.635983085 round_best=2.635983085
[pilot_sum_radii_n26_evo] r27 t=217s best=2.635983085 round_best=2.635983085
[pilot_sum_radii_n26_evo] r28 t=225s best=2.635983085 round_best=2.635983085
[pilot_sum_radii_n26_evo] r29 t=234s best=2.635983085 round_best=2.635983085
[pilot_sum_radii_n26_evo] r30 t=240s best=2.635983085 round_best=2.635983085
[pilot_sum_radii_n26_evo] r31 t=246s best=2.635983085 round_best=2.635983085
[pilot_sum_radii_n26_evo] r32 t=252s best=2.635983085 round_best=2.635983085
[pilot_sum_radii_n26_evo] r33 t=261s best=2.635983085 round_best=2.635983085
[pilot_sum_radii_n26_evo] r34 t=271s best=2.635983085 round_best=2.635983085
[pilot_sum_radii_n26_evo] r35 t=279s best=2.635983085 round_best=2.635983085
[pilot_sum_radii_n26_evo] r36 t=286s best=2.635983085 round_best=2.635983085
[pilot_sum_radii_n26_evo] r37 t=293s best=2.635983085 round_best=2.635983085
[pilot_sum_radii_n26_evo] r38 t=300s best=2.635983085 round_best=2.635983085
[pilot_sum_radii_n26_evo] r39 t=308s best=2.635983085 round_best=2.635983085
[pilot_sum_radii_n26_evo] r40 t=315s best=2.635983085 round_best=2.635983085
[pilot_sum_radii_n26_evo] r41 t=323s best=2.635983085 round_best=2.635983085
[pilot_sum_radii_n26_evo] r42 t=332s best=2.635983085 round_best=2.635983085
[pilot_sum_radii_n26_evo] r43 t=338s best=2.635983085 round_best=2.635983085
[pilot_sum_radii_n26_evo] r44 t=346s best=2.635983085 round_best=2.635983085
[pilot_sum_radii_n26_evo] r45 t=354s best=2.635983085 round_best=2.635983085
[pilot_sum_radii_n26_evo] r46 t=360s best=2.635983085 round_best=2.635983085
[pilot_sum_radii_n26_evo] r47 t=368s best=2.635983085 round_best=2.635983085
[pilot_sum_radii_n26_cmaes] r1 t=25s best=2.633035229 round_best=2.633035229
[pilot_sum_radii_n26_cmaes] r2 t=46s best=2.633035229 round_best=2.633035229
[pilot_sum_radii_n26_cmaes] r3 t=65s best=2.633035229 round_best=2.633035229
[pilot_sum_radii_n26_cmaes] r4 t=86s best=2.633035229 round_best=2.633035229
[pilot_sum_radii_n26_cmaes] r5 t=107s best=2.633035229 round_best=2.633035229
[pilot_sum_radii_n26_cmaes] r6 t=127s best=2.633035229 round_best=2.633035229
[pilot_sum_radii_n26_cmaes] r7 t=146s best=2.633035229 round_best=2.633035229
[pilot_sum_radii_n26_cmaes] r8 t=167s best=2.633035229 round_best=2.633035229
[pilot_sum_radii_n26_cmaes] r9 t=188s best=2.633035229 round_best=2.633035229
[pilot_sum_radii_n26_cmaes] r10 t=210s best=2.633035229 round_best=2.633035229
[pilot_sum_radii_n26_cmaes] r11 t=232s best=2.633035229 round_best=2.633035229
[pilot_sum_radii_n26_cmaes] r12 t=255s best=2.633035229 round_best=2.633035229
[pilot_sum_radii_n26_cmaes] r13 t=275s best=2.633035229 round_best=2.633035229
[pilot_sum_radii_n26_cmaes] r14 t=296s best=2.633035229 round_best=2.633035229
[pilot_sum_radii_n26_cmaes] r15 t=317s best=2.633035229 round_best=2.633035229
[pilot_sum_radii_n26_cmaes] r16 t=339s best=2.633035229 round_best=2.633035229
[pilot_sum_radii_n26_cmaes] r17 t=363s best=2.633035229 round_best=2.633035229
[pilot_sum_radii_n26_de] r1 t=28s best=2.625400975 round_best=2.625400975
[pilot_sum_radii_n26_de] r2 t=52s best=2.625400975 round_best=2.625400975
[pilot_sum_radii_n26_de] r3 t=77s best=2.625400975 round_best=2.625400975
[pilot_sum_radii_n26_de] r4 t=102s best=2.625400975 round_best=2.625400975
[pilot_sum_radii_n26_de] r5 t=127s best=2.626221649 round_best=2.626221649
[pilot_sum_radii_n26_de] r6 t=152s best=2.626221649 round_best=2.626221649
[pilot_sum_radii_n26_de] r7 t=177s best=2.626221649 round_best=2.626221649
[pilot_sum_radii_n26_de] r8 t=202s best=2.626221649 round_best=2.626221649
[pilot_sum_radii_n26_de] r9 t=228s best=2.626221649 round_best=2.626221649
[pilot_sum_radii_n26_de] r10 t=253s best=2.626221649 round_best=2.626221649
[pilot_sum_radii_n26_de] r11 t=280s best=2.626221649 round_best=2.626221649
[pilot_sum_radii_n26_de] r12 t=305s best=2.626221649 round_best=2.626221649
[pilot_sum_radii_n26_de] r13 t=331s best=2.631129248 round_best=2.631129248
[pilot_sum_radii_n26_de] r14 t=355s best=2.631129248 round_best=2.631129248
[pilot_sum_radii_n26_de] r15 t=383s best=2.631129248 round_best=2.631129248
[pilot_sum_radii_n26_multistart] r1 t=12s best=2.635977395 round_best=2.635977395
[pilot_sum_radii_n26_multistart] r2 t=24s best=2.635977395 round_best=2.635977395
[pilot_sum_radii_n26_multistart] r3 t=37s best=2.635977395 round_best=2.635977395
[pilot_sum_radii_n26_multistart] r4 t=49s best=2.635977395 round_best=2.635977395
[pilot_sum_radii_n26_multistart] r5 t=61s best=2.635977395 round_best=2.635977395
[pilot_sum_radii_n26_multistart] r6 t=74s best=2.635977395 round_best=2.635977395
[pilot_sum_radii_n26_multistart] r7 t=85s best=2.635977395 round_best=2.635977395
[pilot_sum_radii_n26_multistart] r8 t=97s best=2.635977395 round_best=2.635977395
[pilot_sum_radii_n26_multistart] r9 t=111s best=2.635977395 round_best=2.635977395
[pilot_sum_radii_n26_multistart] r10 t=124s best=2.635977395 round_best=2.635977395
[pilot_sum_radii_n26_multistart] r11 t=137s best=2.635977395 round_best=2.635977395
[pilot_sum_radii_n26_multistart] r12 t=150s best=2.635977395 round_best=2.635977395
[pilot_sum_radii_n26_multistart] r13 t=161s best=2.635977395 round_best=2.635977395
[pilot_sum_radii_n26_multistart] r14 t=174s best=2.635977395 round_best=2.635977395
[pilot_sum_radii_n26_multistart] r15 t=187s best=2.635977395 round_best=2.635977395
[pilot_sum_radii_n26_multistart] r16 t=200s best=2.635977395 round_best=2.635977395
[pilot_sum_radii_n26_multistart] r17 t=211s best=2.635977395 round_best=2.635977395
[pilot_sum_radii_n26_multistart] r18 t=226s best=2.635977395 round_best=2.635977395
[pilot_sum_radii_n26_multistart] r19 t=238s best=2.635977395 round_best=2.635977395
[pilot_sum_radii_n26_multistart] r20 t=251s best=2.635977395 round_best=2.635977395
[pilot_sum_radii_n26_multistart] r21 t=263s best=2.635977395 round_best=2.635977395
[pilot_sum_radii_n26_multistart] r22 t=275s best=2.635977395 round_best=2.635977395
[pilot_sum_radii_n26_multistart] r23 t=291s best=2.635977395 round_best=2.635977395
[pilot_sum_radii_n26_multistart] r24 t=304s best=2.635977395 round_best=2.635977395
[pilot_sum_radii_n26_multistart] r25 t=316s best=2.635977395 round_best=2.635977395
[pilot_sum_radii_n26_multistart] r26 t=329s best=2.635977395 round_best=2.635977395
[pilot_sum_radii_n26_multistart] r27 t=341s best=2.635977395 round_best=2.635977395
[pilot_sum_radii_n26_multistart] r28 t=353s best=2.635977395 round_best=2.635977395
[pilot_sum_radii_n26_multistart] r29 t=367s best=2.635977395 round_best=2.635977395
