[symL_sum_radii_n100] r1 q=0 t=118.0s gpu_best=5.1681 top=[5.216814, 5.208776, 5.208711] best=5.216814
[symL_sum_radii_n100] r2 q=2 t=228.2s gpu_best=5.1807 top=[5.208752, 5.208162, 5.208077] best=5.216814
[symL_sum_radii_n100] r3 q=4 t=329.0s gpu_best=5.1992 top=[5.227064, 5.22197, 5.215815] best=5.227064
[symL_sum_radii_n100] r4 q=6 t=431.0s gpu_best=5.2094 top=[5.221368, 5.219905, 5.219811] best=5.227064
[symL_sum_radii_n100] r5 q=8 t=534.9s gpu_best=5.2190 top=[5.227639, 5.222957, 5.222281] best=5.227639
[symL_sum_radii_n100] r6 q=10 t=642.4s gpu_best=5.2251 top=[5.225948, 5.221017, 5.218341] best=5.227639
[symL_sum_radii_n100] r7 q=12 t=749.4s gpu_best=5.2317 top=[5.232656, 5.230672, 5.222572] best=5.232656
[symL_sum_radii_n100] r8 q=14 t=859.2s gpu_best=5.2041 top=[5.20496, 5.203614, 5.202452] best=5.232656
[symL_sum_radii_n100] r9 q=16 t=961.5s gpu_best=5.1835 top=[5.184458, 5.183785, 5.181915] best=5.232656
[symL_sum_radii_n100] r10 q=18 t=1060.9s gpu_best=5.1562 top=[5.157093, 5.154741, 5.154655] best=5.232656
[symL_sum_radii_n100] r11 q=20 t=1162.2s gpu_best=5.1280 top=[5.128877, 5.12679, 5.125647] best=5.232656
{
 "name": "symL_sum_radii_n100",
 "problem": "sum_radii",
 "n": 100,
 "method": "gpu-sym",
 "seed": 601,
 "elapsed_s": 1162.2611644268036,
 "best_score": 5.232655521208824,
 "status": "below",
 "record": 5.263744441843,
 "rounds": 11,
 "polished_scores_top20": [
  5.232655521208824,
  5.2306717851977815,
  5.2276386579011564,
  5.227063863553875,
  5.225947899298606,
  5.2229570094741895,
  5.222572481254245,
  5.222280542639615,
  5.221969754972195,
  5.221368292928592,
  5.221016980342866,
  5.219905168557748,
  5.219811311334977,
  5.218620460926075,
  5.218340659237933,
  5.217594565681067,
  5.217410665213764,
  5.21711463527484,
  5.216814434729435,
  5.2163875185775685
 ]
}
